[2026-07-31 02:07:55] local.ERROR: The "--columns" option does not exist. {"exception":"[object] (Symfony\\Component\\Console\\Exception\\RuntimeException(code: 0): The \"--columns\" option does not exist. at /Users/sn/Documents/Project_Kneayerng/ecommer/vendor/symfony/console/Input/ArgvInput.php:222)
[stacktrace]
#0 /Users/sn/Documents/Project_Kneayerng/ecommer/vendor/symfony/console/Input/ArgvInput.php(149): Symfony\\Component\\Console\\Input\\ArgvInput->addLongOption('columns', 'Method,URI,Name...')
#1 /Users/sn/Documents/Project_Kneayerng/ecommer/vendor/symfony/console/Input/ArgvInput.php(85): Symfony\\Component\\Console\\Input\\ArgvInput->parseLongOption('--columns=Metho...')
#2 /Users/sn/Documents/Project_Kneayerng/ecommer/vendor/symfony/console/Input/ArgvInput.php(74): Symfony\\Component\\Console\\Input\\ArgvInput->parseToken('--columns=Metho...', true)
#3 /Users/sn/Documents/Project_Kneayerng/ecommer/vendor/symfony/console/Input/Input.php(56): Symfony\\Component\\Console\\Input\\ArgvInput->parse()
#4 /Users/sn/Documents/Project_Kneayerng/ecommer/vendor/symfony/console/Command/Command.php(285): Symfony\\Component\\Console\\Input\\Input->bind(Object(Symfony\\Component\\Console\\Input\\InputDefinition))
#5 /Users/sn/Documents/Project_Kneayerng/ecommer/vendor/laravel/framework/src/Illuminate/Console/Command.php(180): Symfony\\Component\\Console\\Command\\Command->run(Object(Symfony\\Component\\Console\\Input\\ArgvInput), Object(Illuminate\\Console\\OutputStyle))
#6 /Users/sn/Documents/Project_Kneayerng/ecommer/vendor/symfony/console/Application.php(1121): Illuminate\\Console\\Command->run(Object(Symfony\\Component\\Console\\Input\\ArgvInput), Object(Symfony\\Component\\Console\\Output\\ConsoleOutput))
#7 /Users/sn/Documents/Project_Kneayerng/ecommer/vendor/symfony/console/Application.php(324): Symfony\\Component\\Console\\Application->doRunCommand(Object(Illuminate\\Foundation\\Console\\RouteListCommand), Object(Symfony\\Component\\Console\\Input\\ArgvInput), Object(Symfony\\Component\\Console\\Output\\ConsoleOutput))
#8 /Users/sn/Documents/Project_Kneayerng/ecommer/vendor/symfony/console/Application.php(175): Symfony\\Component\\Console\\Application->doRun(Object(Symfony\\Component\\Console\\Input\\ArgvInput), Object(Symfony\\Component\\Console\\Output\\ConsoleOutput))
#9 /Users/sn/Documents/Project_Kneayerng/ecommer/vendor/laravel/framework/src/Illuminate/Foundation/Console/Kernel.php(201): Symfony\\Component\\Console\\Application->run(Object(Symfony\\Component\\Console\\Input\\ArgvInput), Object(Symfony\\Component\\Console\\Output\\ConsoleOutput))
#10 /Users/sn/Documents/Project_Kneayerng/ecommer/artisan(35): Illuminate\\Foundation\\Console\\Kernel->handle(Object(Symfony\\Component\\Console\\Input\\ArgvInput), Object(Symfony\\Component\\Console\\Output\\ConsoleOutput))
#11 {main}
"} 
[2026-07-31 02:08:12] local.ERROR: Operation not permitted [tcp://127.0.0.1:6379] {"exception":"[object] (Predis\\Connection\\ConnectionException(code: 1): Operation not permitted [tcp://127.0.0.1:6379] at /Users/sn/Documents/Project_Kneayerng/ecommer/vendor/predis/predis/src/Connection/AbstractConnection.php:144)
[stacktrace]
#0 /Users/sn/Documents/Project_Kneayerng/ecommer/vendor/predis/predis/src/Connection/StreamConnection.php(129): Predis\\Connection\\AbstractConnection->onConnectionError('Operation not p...', 1)
#1 /Users/sn/Documents/Project_Kneayerng/ecommer/vendor/predis/predis/src/Connection/StreamConnection.php(174): Predis\\Connection\\StreamConnection->createStreamSocket(Object(Predis\\Connection\\Parameters), 'tcp://127.0.0.1...', 4)
#2 /Users/sn/Documents/Project_Kneayerng/ecommer/vendor/predis/predis/src/Connection/StreamConnection.php(88): Predis\\Connection\\StreamConnection->tcpStreamInitializer(Object(Predis\\Connection\\Parameters))
#3 /Users/sn/Documents/Project_Kneayerng/ecommer/vendor/predis/predis/src/Connection/AbstractConnection.php(85): Predis\\Connection\\StreamConnection->createResource()
#4 /Users/sn/Documents/Project_Kneayerng/ecommer/vendor/predis/predis/src/Connection/StreamConnection.php(254): Predis\\Connection\\AbstractConnection->connect()
#5 /Users/sn/Documents/Project_Kneayerng/ecommer/vendor/predis/predis/src/Connection/AbstractConnection.php(169): Predis\\Connection\\StreamConnection->connect()
#6 /Users/sn/Documents/Project_Kneayerng/ecommer/vendor/predis/predis/src/Connection/StreamConnection.php(289): Predis\\Connection\\AbstractConnection->getResource()
#7 /Users/sn/Documents/Project_Kneayerng/ecommer/vendor/predis/predis/src/Connection/StreamConnection.php(396): Predis\\Connection\\StreamConnection->write('*2\\r\\n$3\\r\\nGET\\r\\n$4...')
#8 /Users/sn/Documents/Project_Kneayerng/ecommer/vendor/predis/predis/src/Connection/AbstractConnection.php(122): Predis\\Connection\\StreamConnection->writeRequest(Object(Predis\\Command\\Redis\\GET))
#9 /Users/sn/Documents/Project_Kneayerng/ecommer/vendor/predis/predis/src/Client.php(381): Predis\\Connection\\AbstractConnection->executeCommand(Object(Predis\\Command\\Redis\\GET))
#10 /Users/sn/Documents/Project_Kneayerng/ecommer/vendor/predis/predis/src/Client.php(335): Predis\\Client->executeCommand(Object(Predis\\Command\\Redis\\GET))
#11 /Users/sn/Documents/Project_Kneayerng/ecommer/vendor/laravel/framework/src/Illuminate/Redis/Connections/Connection.php(116): Predis\\Client->__call('get', Array)
#12 /Users/sn/Documents/Project_Kneayerng/ecommer/vendor/laravel/framework/src/Illuminate/Redis/Connections/Connection.php(229): Illuminate\\Redis\\Connections\\Connection->command('get', Array)
#13 /Users/sn/Documents/Project_Kneayerng/ecommer/vendor/laravel/framework/src/Illuminate/Cache/RedisStore.php(65): Illuminate\\Redis\\Connections\\Connection->__call('get', Array)
#14 /Users/sn/Documents/Project_Kneayerng/ecommer/vendor/laravel/framework/src/Illuminate/Cache/Repository.php(98): Illuminate\\Cache\\RedisStore->get('business_settin...')
#15 /Users/sn/Documents/Project_Kneayerng/ecommer/vendor/laravel/framework/src/Illuminate/Cache/Repository.php(387): Illuminate\\Cache\\Repository->get('business_settin...')
#16 /Users/sn/Documents/Project_Kneayerng/ecommer/vendor/laravel/framework/src/Illuminate/Cache/CacheManager.php(429): Illuminate\\Cache\\Repository->remember('business_settin...', 86400, Object(Closure))
#17 /Users/sn/Documents/Project_Kneayerng/ecommer/vendor/laravel/framework/src/Illuminate/Support/Facades/Facade.php(355): Illuminate\\Cache\\CacheManager->__call('remember', Array)
#18 /Users/sn/Documents/Project_Kneayerng/ecommer/app/Http/Helpers.php(1449): Illuminate\\Support\\Facades\\Facade::__callStatic('remember', Array)
#19 /Users/sn/Documents/Project_Kneayerng/ecommer/app/Http/Controllers/Api/V2/BkashController.php(18): get_setting('bkash_sandbox', 1)
#20 [internal function]: App\\Http\\Controllers\\Api\\V2\\BkashController->__construct()
#21 /Users/sn/Documents/Project_Kneayerng/ecommer/vendor/laravel/framework/src/Illuminate/Container/Container.php(952): ReflectionClass->newInstanceArgs(Array)
#22 /Users/sn/Documents/Project_Kneayerng/ecommer/vendor/laravel/framework/src/Illuminate/Container/Container.php(795): Illuminate\\Container\\Container->build('App\\\\Http\\\\Contro...')
#23 /Users/sn/Documents/Project_Kneayerng/ecommer/vendor/laravel/framework/src/Illuminate/Foundation/Application.php(986): Illuminate\\Container\\Container->resolve('App\\\\Http\\\\Contro...', Array, true)
#24 /Users/sn/Documents/Project_Kneayerng/ecommer/vendor/laravel/framework/src/Illuminate/Container/Container.php(731): Illuminate\\Foundation\\Application->resolve('App\\\\Http\\\\Contro...', Array)
#25 /Users/sn/Documents/Project_Kneayerng/ecommer/vendor/laravel/framework/src/Illuminate/Foundation/Application.php(971): Illuminate\\Container\\Container->make('App\\\\Http\\\\Contro...', Array)
#26 /Users/sn/Documents/Project_Kneayerng/ecommer/vendor/laravel/framework/src/Illuminate/Routing/Route.php(278): Illuminate\\Foundation\\Application->make('App\\\\Http\\\\Contro...')
#27 /Users/sn/Documents/Project_Kneayerng/ecommer/vendor/laravel/framework/src/Illuminate/Routing/Route.php(1104): Illuminate\\Routing\\Route->getController()
#28 /Users/sn/Documents/Project_Kneayerng/ecommer/vendor/laravel/framework/src/Illuminate/Routing/Route.php(1035): Illuminate\\Routing\\Route->controllerMiddleware()
#29 /Users/sn/Documents/Project_Kneayerng/ecommer/vendor/laravel/framework/src/Illuminate/Routing/Router.php(818): Illuminate\\Routing\\Route->gatherMiddleware()
#30 /Users/sn/Documents/Project_Kneayerng/ecommer/vendor/laravel/framework/src/Illuminate/Foundation/Console/RouteListCommand.php(201): Illuminate\\Routing\\Router->gatherRouteMiddleware(Object(Illuminate\\Routing\\Route))
#31 /Users/sn/Documents/Project_Kneayerng/ecommer/vendor/laravel/framework/src/Illuminate/Foundation/Console/RouteListCommand.php(146): Illuminate\\Foundation\\Console\\RouteListCommand->getMiddleware(Object(Illuminate\\Routing\\Route))
#32 /Users/sn/Documents/Project_Kneayerng/ecommer/vendor/laravel/framework/src/Illuminate/Foundation/Console/RouteListCommand.php(116): Illuminate\\Foundation\\Console\\RouteListCommand->getRouteInformation(Object(Illuminate\\Routing\\Route))
#33 [internal function]: Illuminate\\Foundation\\Console\\RouteListCommand->{closure:Illuminate\\Foundation\\Console\\RouteListCommand::getRoutes():115}(Object(Illuminate\\Routing\\Route), 109)
#34 /Users/sn/Documents/Project_Kneayerng/ecommer/vendor/laravel/framework/src/Illuminate/Collections/Arr.php(600): array_map(Object(Closure), Array, Array)
#35 /Users/sn/Documents/Project_Kneayerng/ecommer/vendor/laravel/framework/src/Illuminate/Collections/Collection.php(778): Illuminate\\Support\\Arr::map(Array, Object(Closure))
#36 /Users/sn/Documents/Project_Kneayerng/ecommer/vendor/laravel/framework/src/Illuminate/Foundation/Console/RouteListCommand.php(115): Illuminate\\Support\\Collection->map(Object(Closure))
#37 /Users/sn/Documents/Project_Kneayerng/ecommer/vendor/laravel/framework/src/Illuminate/Foundation/Console/RouteListCommand.php(101): Illuminate\\Foundation\\Console\\RouteListCommand->getRoutes()
#38 /Users/sn/Documents/Project_Kneayerng/ecommer/vendor/laravel/framework/src/Illuminate/Container/BoundMethod.php(36): Illuminate\\Foundation\\Console\\RouteListCommand->handle()
#39 /Users/sn/Documents/Project_Kneayerng/ecommer/vendor/laravel/framework/src/Illuminate/Container/Util.php(41): Illuminate\\Container\\BoundMethod::{closure:Illuminate\\Container\\BoundMethod::call():35}()
#40 /Users/sn/Documents/Project_Kneayerng/ecommer/vendor/laravel/framework/src/Illuminate/Container/BoundMethod.php(93): Illuminate\\Container\\Util::unwrapIfClosure(Object(Closure))
#41 /Users/sn/Documents/Project_Kneayerng/ecommer/vendor/laravel/framework/src/Illuminate/Container/BoundMethod.php(35): Illuminate\\Container\\BoundMethod::callBoundMethod(Object(Illuminate\\Foundation\\Application), Array, Object(Closure))
#42 /Users/sn/Documents/Project_Kneayerng/ecommer/vendor/laravel/framework/src/Illuminate/Container/Container.php(662): Illuminate\\Container\\BoundMethod::call(Object(Illuminate\\Foundation\\Application), Array, Array, NULL)
#43 /Users/sn/Documents/Project_Kneayerng/ecommer/vendor/laravel/framework/src/Illuminate/Console/Command.php(211): Illuminate\\Container\\Container->call(Array)
#44 /Users/sn/Documents/Project_Kneayerng/ecommer/vendor/symfony/console/Command/Command.php(326): Illuminate\\Console\\Command->execute(Object(Symfony\\Component\\Console\\Input\\ArgvInput), Object(Illuminate\\Console\\OutputStyle))
#45 /Users/sn/Documents/Project_Kneayerng/ecommer/vendor/laravel/framework/src/Illuminate/Console/Command.php(180): Symfony\\Component\\Console\\Command\\Command->run(Object(Symfony\\Component\\Console\\Input\\ArgvInput), Object(Illuminate\\Console\\OutputStyle))
#46 /Users/sn/Documents/Project_Kneayerng/ecommer/vendor/symfony/console/Application.php(1121): Illuminate\\Console\\Command->run(Object(Symfony\\Component\\Console\\Input\\ArgvInput), Object(Symfony\\Component\\Console\\Output\\ConsoleOutput))
#47 /Users/sn/Documents/Project_Kneayerng/ecommer/vendor/symfony/console/Application.php(324): Symfony\\Component\\Console\\Application->doRunCommand(Object(Illuminate\\Foundation\\Console\\RouteListCommand), Object(Symfony\\Component\\Console\\Input\\ArgvInput), Object(Symfony\\Component\\Console\\Output\\ConsoleOutput))
#48 /Users/sn/Documents/Project_Kneayerng/ecommer/vendor/symfony/console/Application.php(175): Symfony\\Component\\Console\\Application->doRun(Object(Symfony\\Component\\Console\\Input\\ArgvInput), Object(Symfony\\Component\\Console\\Output\\ConsoleOutput))
#49 /Users/sn/Documents/Project_Kneayerng/ecommer/vendor/laravel/framework/src/Illuminate/Foundation/Console/Kernel.php(201): Symfony\\Component\\Console\\Application->run(Object(Symfony\\Component\\Console\\Input\\ArgvInput), Object(Symfony\\Component\\Console\\Output\\ConsoleOutput))
#50 /Users/sn/Documents/Project_Kneayerng/ecommer/artisan(35): Illuminate\\Foundation\\Console\\Kernel->handle(Object(Symfony\\Component\\Console\\Input\\ArgvInput), Object(Symfony\\Component\\Console\\Output\\ConsoleOutput))
#51 {main}
"} 
[2026-07-31 03:00:13] local.INFO: Filter Category Request:  {"page":"1","category_type":"all_categories","search":null} 
[2026-07-31 03:09:11] local.ERROR: Unable to prepare route [api/v2/razorpay/payment] for serialization. Another route has already been assigned name [api.razorpay.payment]. {"exception":"[object] (LogicException(code: 0): Unable to prepare route [api/v2/razorpay/payment] for serialization. Another route has already been assigned name [api.razorpay.payment]. at /Users/sn/Documents/Project_Kneayerng/ecommer/vendor/laravel/framework/src/Illuminate/Routing/AbstractRouteCollection.php:247)
[stacktrace]
#0 /Users/sn/Documents/Project_Kneayerng/ecommer/vendor/laravel/framework/src/Illuminate/Routing/AbstractRouteCollection.php(208): Illuminate\\Routing\\AbstractRouteCollection->addToSymfonyRoutesCollection(Object(Symfony\\Component\\Routing\\RouteCollection), Object(Illuminate\\Routing\\Route))
#1 /Users/sn/Documents/Project_Kneayerng/ecommer/vendor/laravel/framework/src/Illuminate/Routing/RouteCollection.php(246): Illuminate\\Routing\\AbstractRouteCollection->toSymfonyRouteCollection()
#2 /Users/sn/Documents/Project_Kneayerng/ecommer/vendor/laravel/framework/src/Illuminate/Routing/AbstractRouteCollection.php(192): Illuminate\\Routing\\RouteCollection->toSymfonyRouteCollection()
#3 /Users/sn/Documents/Project_Kneayerng/ecommer/vendor/laravel/framework/src/Illuminate/Routing/AbstractRouteCollection.php(163): Illuminate\\Routing\\AbstractRouteCollection->dumper()
#4 /Users/sn/Documents/Project_Kneayerng/ecommer/vendor/laravel/framework/src/Illuminate/Foundation/Console/RouteCacheCommand.php(109): Illuminate\\Routing\\AbstractRouteCollection->compile()
#5 /Users/sn/Documents/Project_Kneayerng/ecommer/vendor/laravel/framework/src/Illuminate/Foundation/Console/RouteCacheCommand.php(68): Illuminate\\Foundation\\Console\\RouteCacheCommand->buildRouteCacheFile(Object(Illuminate\\Routing\\RouteCollection))
#6 /Users/sn/Documents/Project_Kneayerng/ecommer/vendor/laravel/framework/src/Illuminate/Container/BoundMethod.php(36): Illuminate\\Foundation\\Console\\RouteCacheCommand->handle()
#7 /Users/sn/Documents/Project_Kneayerng/ecommer/vendor/laravel/framework/src/Illuminate/Container/Util.php(41): Illuminate\\Container\\BoundMethod::{closure:Illuminate\\Container\\BoundMethod::call():35}()
#8 /Users/sn/Documents/Project_Kneayerng/ecommer/vendor/laravel/framework/src/Illuminate/Container/BoundMethod.php(93): Illuminate\\Container\\Util::unwrapIfClosure(Object(Closure))
#9 /Users/sn/Documents/Project_Kneayerng/ecommer/vendor/laravel/framework/src/Illuminate/Container/BoundMethod.php(35): Illuminate\\Container\\BoundMethod::callBoundMethod(Object(Illuminate\\Foundation\\Application), Array, Object(Closure))
#10 /Users/sn/Documents/Project_Kneayerng/ecommer/vendor/laravel/framework/src/Illuminate/Container/Container.php(662): Illuminate\\Container\\BoundMethod::call(Object(Illuminate\\Foundation\\Application), Array, Array, NULL)
#11 /Users/sn/Documents/Project_Kneayerng/ecommer/vendor/laravel/framework/src/Illuminate/Console/Command.php(211): Illuminate\\Container\\Container->call(Array)
#12 /Users/sn/Documents/Project_Kneayerng/ecommer/vendor/symfony/console/Command/Command.php(326): Illuminate\\Console\\Command->execute(Object(Symfony\\Component\\Console\\Input\\ArrayInput), Object(Illuminate\\Console\\OutputStyle))
#13 /Users/sn/Documents/Project_Kneayerng/ecommer/vendor/laravel/framework/src/Illuminate/Console/Command.php(180): Symfony\\Component\\Console\\Command\\Command->run(Object(Symfony\\Component\\Console\\Input\\ArrayInput), Object(Illuminate\\Console\\OutputStyle))
#14 /Users/sn/Documents/Project_Kneayerng/ecommer/vendor/laravel/framework/src/Illuminate/Console/Concerns/CallsCommands.php(67): Illuminate\\Console\\Command->run(Object(Symfony\\Component\\Console\\Input\\ArrayInput), Object(Symfony\\Component\\Console\\Output\\NullOutput))
#15 /Users/sn/Documents/Project_Kneayerng/ecommer/vendor/laravel/framework/src/Illuminate/Console/Concerns/CallsCommands.php(40): Illuminate\\Console\\Command->runCommand('route:cache', Array, Object(Symfony\\Component\\Console\\Output\\NullOutput))
#16 /Users/sn/Documents/Project_Kneayerng/ecommer/vendor/laravel/framework/src/Illuminate/Foundation/Console/OptimizeCommand.php(36): Illuminate\\Console\\Command->callSilent('route:cache')
#17 /Users/sn/Documents/Project_Kneayerng/ecommer/vendor/laravel/framework/src/Illuminate/Console/View/Components/Task.php(37): Illuminate\\Foundation\\Console\\OptimizeCommand->{closure:Illuminate\\Foundation\\Console\\OptimizeCommand::handle():36}()
#18 /Users/sn/Documents/Project_Kneayerng/ecommer/vendor/laravel/framework/src/Illuminate/Console/View/Components/Factory.php(58): Illuminate\\Console\\View\\Components\\Task->render('routes', Object(Closure))
#19 /Users/sn/Documents/Project_Kneayerng/ecommer/vendor/laravel/framework/src/Illuminate/Foundation/Console/OptimizeCommand.php(37): Illuminate\\Console\\View\\Components\\Factory->__call('task', Array)
#20 /Users/sn/Documents/Project_Kneayerng/ecommer/vendor/laravel/framework/src/Illuminate/Collections/Traits/EnumeratesValues.php(240): Illuminate\\Foundation\\Console\\OptimizeCommand->{closure:Illuminate\\Foundation\\Console\\OptimizeCommand::handle():37}(Object(Closure), 'routes')
#21 /Users/sn/Documents/Project_Kneayerng/ecommer/vendor/laravel/framework/src/Illuminate/Foundation/Console/OptimizeCommand.php(37): Illuminate\\Support\\Collection->each(Object(Closure))
#22 /Users/sn/Documents/Project_Kneayerng/ecommer/vendor/laravel/framework/src/Illuminate/Container/BoundMethod.php(36): Illuminate\\Foundation\\Console\\OptimizeCommand->handle()
#23 /Users/sn/Documents/Project_Kneayerng/ecommer/vendor/laravel/framework/src/Illuminate/Container/Util.php(41): Illuminate\\Container\\BoundMethod::{closure:Illuminate\\Container\\BoundMethod::call():35}()
#24 /Users/sn/Documents/Project_Kneayerng/ecommer/vendor/laravel/framework/src/Illuminate/Container/BoundMethod.php(93): Illuminate\\Container\\Util::unwrapIfClosure(Object(Closure))
#25 /Users/sn/Documents/Project_Kneayerng/ecommer/vendor/laravel/framework/src/Illuminate/Container/BoundMethod.php(35): Illuminate\\Container\\BoundMethod::callBoundMethod(Object(Illuminate\\Foundation\\Application), Array, Object(Closure))
#26 /Users/sn/Documents/Project_Kneayerng/ecommer/vendor/laravel/framework/src/Illuminate/Container/Container.php(662): Illuminate\\Container\\BoundMethod::call(Object(Illuminate\\Foundation\\Application), Array, Array, NULL)
#27 /Users/sn/Documents/Project_Kneayerng/ecommer/vendor/laravel/framework/src/Illuminate/Console/Command.php(211): Illuminate\\Container\\Container->call(Array)
#28 /Users/sn/Documents/Project_Kneayerng/ecommer/vendor/symfony/console/Command/Command.php(326): Illuminate\\Console\\Command->execute(Object(Symfony\\Component\\Console\\Input\\ArgvInput), Object(Illuminate\\Console\\OutputStyle))
#29 /Users/sn/Documents/Project_Kneayerng/ecommer/vendor/laravel/framework/src/Illuminate/Console/Command.php(180): Symfony\\Component\\Console\\Command\\Command->run(Object(Symfony\\Component\\Console\\Input\\ArgvInput), Object(Illuminate\\Console\\OutputStyle))
#30 /Users/sn/Documents/Project_Kneayerng/ecommer/vendor/symfony/console/Application.php(1121): Illuminate\\Console\\Command->run(Object(Symfony\\Component\\Console\\Input\\ArgvInput), Object(Symfony\\Component\\Console\\Output\\ConsoleOutput))
#31 /Users/sn/Documents/Project_Kneayerng/ecommer/vendor/symfony/console/Application.php(324): Symfony\\Component\\Console\\Application->doRunCommand(Object(Illuminate\\Foundation\\Console\\OptimizeCommand), Object(Symfony\\Component\\Console\\Input\\ArgvInput), Object(Symfony\\Component\\Console\\Output\\ConsoleOutput))
#32 /Users/sn/Documents/Project_Kneayerng/ecommer/vendor/symfony/console/Application.php(175): Symfony\\Component\\Console\\Application->doRun(Object(Symfony\\Component\\Console\\Input\\ArgvInput), Object(Symfony\\Component\\Console\\Output\\ConsoleOutput))
#33 /Users/sn/Documents/Project_Kneayerng/ecommer/vendor/laravel/framework/src/Illuminate/Foundation/Console/Kernel.php(201): Symfony\\Component\\Console\\Application->run(Object(Symfony\\Component\\Console\\Input\\ArgvInput), Object(Symfony\\Component\\Console\\Output\\ConsoleOutput))
#34 /Users/sn/Documents/Project_Kneayerng/ecommer/artisan(35): Illuminate\\Foundation\\Console\\Kernel->handle(Object(Symfony\\Component\\Console\\Input\\ArgvInput), Object(Symfony\\Component\\Console\\Output\\ConsoleOutput))
#35 {main}
"} 
[2026-07-31 03:09:36] local.ERROR: Unable to prepare route [admin/categories] for serialization. Another route has already been assigned name [categories.index]. {"exception":"[object] (LogicException(code: 0): Unable to prepare route [admin/categories] for serialization. Another route has already been assigned name [categories.index]. at /Users/sn/Documents/Project_Kneayerng/ecommer/vendor/laravel/framework/src/Illuminate/Routing/AbstractRouteCollection.php:247)
[stacktrace]
#0 /Users/sn/Documents/Project_Kneayerng/ecommer/vendor/laravel/framework/src/Illuminate/Routing/AbstractRouteCollection.php(208): Illuminate\\Routing\\AbstractRouteCollection->addToSymfonyRoutesCollection(Object(Symfony\\Component\\Routing\\RouteCollection), Object(Illuminate\\Routing\\Route))
#1 /Users/sn/Documents/Project_Kneayerng/ecommer/vendor/laravel/framework/src/Illuminate/Routing/RouteCollection.php(246): Illuminate\\Routing\\AbstractRouteCollection->toSymfonyRouteCollection()
#2 /Users/sn/Documents/Project_Kneayerng/ecommer/vendor/laravel/framework/src/Illuminate/Routing/AbstractRouteCollection.php(192): Illuminate\\Routing\\RouteCollection->toSymfonyRouteCollection()
#3 /Users/sn/Documents/Project_Kneayerng/ecommer/vendor/laravel/framework/src/Illuminate/Routing/AbstractRouteCollection.php(163): Illuminate\\Routing\\AbstractRouteCollection->dumper()
#4 /Users/sn/Documents/Project_Kneayerng/ecommer/vendor/laravel/framework/src/Illuminate/Foundation/Console/RouteCacheCommand.php(109): Illuminate\\Routing\\AbstractRouteCollection->compile()
#5 /Users/sn/Documents/Project_Kneayerng/ecommer/vendor/laravel/framework/src/Illuminate/Foundation/Console/RouteCacheCommand.php(68): Illuminate\\Foundation\\Console\\RouteCacheCommand->buildRouteCacheFile(Object(Illuminate\\Routing\\RouteCollection))
#6 /Users/sn/Documents/Project_Kneayerng/ecommer/vendor/laravel/framework/src/Illuminate/Container/BoundMethod.php(36): Illuminate\\Foundation\\Console\\RouteCacheCommand->handle()
#7 /Users/sn/Documents/Project_Kneayerng/ecommer/vendor/laravel/framework/src/Illuminate/Container/Util.php(41): Illuminate\\Container\\BoundMethod::{closure:Illuminate\\Container\\BoundMethod::call():35}()
#8 /Users/sn/Documents/Project_Kneayerng/ecommer/vendor/laravel/framework/src/Illuminate/Container/BoundMethod.php(93): Illuminate\\Container\\Util::unwrapIfClosure(Object(Closure))
#9 /Users/sn/Documents/Project_Kneayerng/ecommer/vendor/laravel/framework/src/Illuminate/Container/BoundMethod.php(35): Illuminate\\Container\\BoundMethod::callBoundMethod(Object(Illuminate\\Foundation\\Application), Array, Object(Closure))
#10 /Users/sn/Documents/Project_Kneayerng/ecommer/vendor/laravel/framework/src/Illuminate/Container/Container.php(662): Illuminate\\Container\\BoundMethod::call(Object(Illuminate\\Foundation\\Application), Array, Array, NULL)
#11 /Users/sn/Documents/Project_Kneayerng/ecommer/vendor/laravel/framework/src/Illuminate/Console/Command.php(211): Illuminate\\Container\\Container->call(Array)
#12 /Users/sn/Documents/Project_Kneayerng/ecommer/vendor/symfony/console/Command/Command.php(326): Illuminate\\Console\\Command->execute(Object(Symfony\\Component\\Console\\Input\\ArrayInput), Object(Illuminate\\Console\\OutputStyle))
#13 /Users/sn/Documents/Project_Kneayerng/ecommer/vendor/laravel/framework/src/Illuminate/Console/Command.php(180): Symfony\\Component\\Console\\Command\\Command->run(Object(Symfony\\Component\\Console\\Input\\ArrayInput), Object(Illuminate\\Console\\OutputStyle))
#14 /Users/sn/Documents/Project_Kneayerng/ecommer/vendor/laravel/framework/src/Illuminate/Console/Concerns/CallsCommands.php(67): Illuminate\\Console\\Command->run(Object(Symfony\\Component\\Console\\Input\\ArrayInput), Object(Symfony\\Component\\Console\\Output\\NullOutput))
#15 /Users/sn/Documents/Project_Kneayerng/ecommer/vendor/laravel/framework/src/Illuminate/Console/Concerns/CallsCommands.php(40): Illuminate\\Console\\Command->runCommand('route:cache', Array, Object(Symfony\\Component\\Console\\Output\\NullOutput))
#16 /Users/sn/Documents/Project_Kneayerng/ecommer/vendor/laravel/framework/src/Illuminate/Foundation/Console/OptimizeCommand.php(36): Illuminate\\Console\\Command->callSilent('route:cache')
#17 /Users/sn/Documents/Project_Kneayerng/ecommer/vendor/laravel/framework/src/Illuminate/Console/View/Components/Task.php(37): Illuminate\\Foundation\\Console\\OptimizeCommand->{closure:Illuminate\\Foundation\\Console\\OptimizeCommand::handle():36}()
#18 /Users/sn/Documents/Project_Kneayerng/ecommer/vendor/laravel/framework/src/Illuminate/Console/View/Components/Factory.php(58): Illuminate\\Console\\View\\Components\\Task->render('routes', Object(Closure))
#19 /Users/sn/Documents/Project_Kneayerng/ecommer/vendor/laravel/framework/src/Illuminate/Foundation/Console/OptimizeCommand.php(37): Illuminate\\Console\\View\\Components\\Factory->__call('task', Array)
#20 /Users/sn/Documents/Project_Kneayerng/ecommer/vendor/laravel/framework/src/Illuminate/Collections/Traits/EnumeratesValues.php(240): Illuminate\\Foundation\\Console\\OptimizeCommand->{closure:Illuminate\\Foundation\\Console\\OptimizeCommand::handle():37}(Object(Closure), 'routes')
#21 /Users/sn/Documents/Project_Kneayerng/ecommer/vendor/laravel/framework/src/Illuminate/Foundation/Console/OptimizeCommand.php(37): Illuminate\\Support\\Collection->each(Object(Closure))
#22 /Users/sn/Documents/Project_Kneayerng/ecommer/vendor/laravel/framework/src/Illuminate/Container/BoundMethod.php(36): Illuminate\\Foundation\\Console\\OptimizeCommand->handle()
#23 /Users/sn/Documents/Project_Kneayerng/ecommer/vendor/laravel/framework/src/Illuminate/Container/Util.php(41): Illuminate\\Container\\BoundMethod::{closure:Illuminate\\Container\\BoundMethod::call():35}()
#24 /Users/sn/Documents/Project_Kneayerng/ecommer/vendor/laravel/framework/src/Illuminate/Container/BoundMethod.php(93): Illuminate\\Container\\Util::unwrapIfClosure(Object(Closure))
#25 /Users/sn/Documents/Project_Kneayerng/ecommer/vendor/laravel/framework/src/Illuminate/Container/BoundMethod.php(35): Illuminate\\Container\\BoundMethod::callBoundMethod(Object(Illuminate\\Foundation\\Application), Array, Object(Closure))
#26 /Users/sn/Documents/Project_Kneayerng/ecommer/vendor/laravel/framework/src/Illuminate/Container/Container.php(662): Illuminate\\Container\\BoundMethod::call(Object(Illuminate\\Foundation\\Application), Array, Array, NULL)
#27 /Users/sn/Documents/Project_Kneayerng/ecommer/vendor/laravel/framework/src/Illuminate/Console/Command.php(211): Illuminate\\Container\\Container->call(Array)
#28 /Users/sn/Documents/Project_Kneayerng/ecommer/vendor/symfony/console/Command/Command.php(326): Illuminate\\Console\\Command->execute(Object(Symfony\\Component\\Console\\Input\\ArgvInput), Object(Illuminate\\Console\\OutputStyle))
#29 /Users/sn/Documents/Project_Kneayerng/ecommer/vendor/laravel/framework/src/Illuminate/Console/Command.php(180): Symfony\\Component\\Console\\Command\\Command->run(Object(Symfony\\Component\\Console\\Input\\ArgvInput), Object(Illuminate\\Console\\OutputStyle))
#30 /Users/sn/Documents/Project_Kneayerng/ecommer/vendor/symfony/console/Application.php(1121): Illuminate\\Console\\Command->run(Object(Symfony\\Component\\Console\\Input\\ArgvInput), Object(Symfony\\Component\\Console\\Output\\ConsoleOutput))
#31 /Users/sn/Documents/Project_Kneayerng/ecommer/vendor/symfony/console/Application.php(324): Symfony\\Component\\Console\\Application->doRunCommand(Object(Illuminate\\Foundation\\Console\\OptimizeCommand), Object(Symfony\\Component\\Console\\Input\\ArgvInput), Object(Symfony\\Component\\Console\\Output\\ConsoleOutput))
#32 /Users/sn/Documents/Project_Kneayerng/ecommer/vendor/symfony/console/Application.php(175): Symfony\\Component\\Console\\Application->doRun(Object(Symfony\\Component\\Console\\Input\\ArgvInput), Object(Symfony\\Component\\Console\\Output\\ConsoleOutput))
#33 /Users/sn/Documents/Project_Kneayerng/ecommer/vendor/laravel/framework/src/Illuminate/Foundation/Console/Kernel.php(201): Symfony\\Component\\Console\\Application->run(Object(Symfony\\Component\\Console\\Input\\ArgvInput), Object(Symfony\\Component\\Console\\Output\\ConsoleOutput))
#34 /Users/sn/Documents/Project_Kneayerng/ecommer/artisan(35): Illuminate\\Foundation\\Console\\Kernel->handle(Object(Symfony\\Component\\Console\\Input\\ArgvInput), Object(Symfony\\Component\\Console\\Output\\ConsoleOutput))
#35 {main}
"} 
[2026-07-31 03:13:41] local.INFO: Filter Category Request:  {"page":"1","category_type":"all_categories","search":null} 
[2026-07-31 03:13:43] local.INFO: Filter Category Request:  {"page":"1","category_type":"all_categories","search":"Apple"} 
[2026-07-31 03:14:42] local.INFO: Filter Category Request:  {"page":"1","category_type":"all_categories","search":null} 
[2026-07-31 03:14:53] local.INFO: Filter Category Request:  {"page":"1","category_type":"all_categories","search":"Apl"} 
[2026-07-31 03:14:55] local.INFO: Filter Category Request:  {"page":"1","category_type":"all_categories","search":"Appe"} 
[2026-07-31 03:14:55] local.INFO: Filter Category Request:  {"page":"1","category_type":"all_categories","search":"Applwe"} 
[2026-07-31 03:14:56] local.INFO: Filter Category Request:  {"page":"1","category_type":"all_categories","search":"Applwe"} 
[2026-07-31 03:14:57] local.INFO: Filter Category Request:  {"page":"1","category_type":"all_categories","search":"Apple"} 
[2026-07-31 03:15:25] local.INFO: Filter Category Request:  {"page":"1","category_type":"all_categories","search":null} 
[2026-07-31 03:15:37] local.INFO: Filter Category Request:  {"page":"1","category_type":"all_categories","search":"aap"} 
[2026-07-31 03:15:38] local.INFO: Filter Category Request:  {"page":"1","category_type":"all_categories","search":"ap"} 
[2026-07-31 03:16:07] local.INFO: Filter Category Request:  {"page":"1","category_type":"all_categories","search":null} 
